// Jest Snapshot v1, https://goo.gl/fbAQLP

exports[`withBackend renders 1`] = `
WithBackend {
  "_reactInternalInstance": ShallowComponentWrapper {
    "_calledComponentWillUnmount": false,
    "_compositeType": 0,
    "_context": Object {},
    "_currentElement": <withBackend(Component)
      handleSubmit={[Function]}
/>,
    "_debugID": 1,
    "_hostContainerInfo": null,
    "_hostParent": null,
    "_instance": [Circular],
    "_mountOrder": 1,
    "_pendingCallbacks": null,
    "_pendingElement": null,
    "_pendingForceUpdate": false,
    "_pendingReplaceState": false,
    "_pendingStateQueue": null,
    "_renderedComponent": NoopInternalComponent {
      "_currentElement": <RegisterForm
        handleSubmit={[Function]}
/>,
      "_debugID": 2,
      "_renderedOutput": <RegisterForm
        handleSubmit={[Function]}
/>,
    },
    "_renderedNodeType": 1,
    "_rootNodeID": 0,
    "_topLevelWrapper": null,
    "_updateBatchNumber": null,
    "_warnedAboutRefsInRender": false,
  },
  "context": Object {},
  "handleSubmitByBackend": [Function],
  "props": Object {
    "handleSubmit": [Function],
  },
  "refs": Object {},
  "state": null,
  "updater": Object {
    "enqueueCallback": [Function],
    "enqueueCallbackInternal": [Function],
    "enqueueElementInternal": [Function],
    "enqueueForceUpdate": [Function],
    "enqueueReplaceState": [Function],
    "enqueueSetState": [Function],
    "isMounted": [Function],
    "validateCallback": [Function],
  },
  "validateByBackend": [Function],
}
`;
